// Jest Snapshot v1, https://goo.gl/fbAQLP

exports[`Avatar should render component correctly when type equals wallet 1`] = `
<div
  className="h-full flex justify-center items-center"
>
  <div
    className="bg-cover bg-center h-24 w-24 rounded-full"
    style={
      Object {
        "backgroundImage": "url(avatar.png)",
      }
    }
  />
  <div
    className="flex flex-col justify-center items-left pl-4"
  >
    <span
      className="font-bold text-xl text-black"
    >
      Matheus Gomes
    </span>
    <span
      className="text-sm text-gray-600"
    >
      Total Balance: 0.00
    </span>
  </div>
</div>
`;

exports[`Avatar should render default component correctly 1`] = `
<div
  className="h-full flex justify-center items-center"
>
  <div
    className="bg-cover bg-center h-24 w-24 rounded-full"
    style={
      Object {
        "backgroundImage": "url(avatar.png)",
      }
    }
  />
  <div
    className="flex flex-col justify-center items-left pl-4"
  >
    <span
      className="font-bold text-xl text-black"
    >
      Matheus Gomes
    </span>
    <span
      className="text-sm text-gray-600"
    >
      Total Balance: 0.00
    </span>
  </div>
</div>
`;
